[honeymilk.neocities.org/index.html]
[backblue.gif]
[fade.gif]
[index.html]
[honeymilk.neocities.org/style.css]
[honeymilk.neocities.org/darkstyle.css]
[honeymilk.neocities.org/favicon.png]
[honeymilk.neocities.org/schrecknet.css]
[www.scmplayer.net/script.js]
[honeymilk.neocities.org/images/bgrei1.webp]
[honeymilk.neocities.org/images/bgrei2.webp]
[honeymilk.neocities.org/images/sunglider.webp]
[honeymilk.neocities.org/images/reitrainingchibi.webp]
[honeymilk.neocities.org/images/heartthrob.webp]
[honeymilk.neocities.org/images/tamarei.gif]
[honeymilk.neocities.org/images/meltyrei.png]
[honeymilk.neocities.org/showWebring.js]
[vonfriedhof.neocities.org/schrecknet/ring/onionring-variables.js]
[vonfriedhof.neocities.org/schrecknet/ring/onionring-widget.js]
[cms.furcadia.com/images/online/offline-bw4.gif]
[honeymilk.neocities.org/underland.html]
[honeymilk.neocities.org/images/reibanner.png]
[honeymilk.neocities.org/images/hamtarobanner.png]
[honeymilk.neocities.org/images/latte.gif]
[honeymilk.neocities.org/images/krstickersrei.webp]
[honeymilk.neocities.org/images/trnsrits.gif]
[honeymilk.neocities.org/images/gaypride.gif]
[honeymilk.neocities.org/images/daydreamblinkie.gif]
[honeymilk.neocities.org/images/reiautograph.webp]
[honeymilk.neocities.org/images/plushiestamp.png]
[honeymilk.neocities.org/images/selfshipperstamp.png]
[honeymilk.neocities.org/images/fostamp.png]
[honeymilk.neocities.org/images/ocstamp.png]
[honeymilk.neocities.org/images/reistamp.png]
[honeymilk.neocities.org/images/reistamp2.png]
[honeymilk.neocities.org/images/htmllearn.gif]
[honeymilk.neocities.org/images/neocitiesbutton.gif]
[honeymilk.neocities.org/images/affection.gif]
[honeymilk.neocities.org/index.html]
[honeymilk.neocities.org/menu.html]
[honeymilk.neocities.org/basiic.ttf]
[honeymilk.neocities.org/RomanceA.ttf]
[honeymilk.neocities.org/Magica.ttf]
[honeymilk.neocities.org/bg.gif]
[honeymilk.neocities.org/bowcursor.png]
[honeymilk.neocities.org/header.png]
[honeymilk.neocities.org/pinkselect.ico]
[honeymilk.neocities.org/images/menuborder.png]
[honeymilk.neocities.org/featureimage.png]
[honeymilk.neocities.org/style.css]
[honeymilk.neocities.org/darkbg.png]
[honeymilk.neocities.org/cursor.ico]
[honeymilk.neocities.org/darkheader.png]
[honeymilk.neocities.org/darkstyle.css]
[honeymilk.neocities.org/xfiles.ttf]
[vonfriedhof.neocities.org/schrecknet/ring/img/ventrue.png]
[honeymilk.neocities.org/schrecknet.css]
[honeymilk.neocities.org/BerkshireSwash-Regular.ttf]
[honeymilk.neocities.org/images/vines1.png]
[honeymilk.neocities.org/images/vines2.png]
[honeymilk.neocities.org/images/bunny.gif]
[honeymilk.neocities.org/emilehome.html]
[honeymilk.neocities.org/images/emiledoor.png]
[honeymilk.neocities.org/reihome.html]
[honeymilk.neocities.org/images/reidoor.png]
[honeymilk.neocities.org/underland.html]
[honeymilk.neocities.org/rei.html]
[honeymilk.neocities.org/images/bat.png]
[honeymilk.neocities.org/lovemail.html]
[honeymilk.neocities.org/images/lovemail.png]
[honeymilk.neocities.org/shrines.html]
[honeymilk.neocities.org/images/shrines.png]
[honeymilk.neocities.org/library.html]
[honeymilk.neocities.org/images/library.png]
[honeymilk.neocities.org/toybox.html]
[honeymilk.neocities.org/images/toybox.png]
[honeymilk.neocities.org/miscellany.html]
[honeymilk.neocities.org/images/misc.png]
[honeymilk.neocities.org/webmaster.html]
[honeymilk.neocities.org/images/about.png]
[honeymilk.neocities.org/images/guestbook.png]
[honeymilk.neocities.org/links.html]
[honeymilk.neocities.org/images/links.png]
[honeymilk.neocities.org/credits.html]
[honeymilk.neocities.org/images/credits.png]
[honeymilk.neocities.org/menu.html]
[vonfriedhof.neocities.org/schrecknet/style/num2.gif]
[honeymilk.neocities.org/underland/flowerz.png]
[honeymilk.neocities.org/underland/purplefloor.jpg]
[honeymilk.neocities.org/underland/pinkwall.gif]
[honeymilk.neocities.org/emilehome.html]
[honeymilk.neocities.org/underland/batspurp.gif]
[honeymilk.neocities.org/underland/carpet.gif]
[honeymilk.neocities.org/underland/redbrick.png]
[honeymilk.neocities.org/underland/candle.gif]
[honeymilk.neocities.org/underland/clock.gif]
[honeymilk.neocities.org/underland/drums.gif]
[honeymilk.neocities.org/underland/reichibi.webp]
[honeymilk.neocities.org/underland/mephi.gif]
[honeymilk.neocities.org/underland/ritsuplushie.webp]
[honeymilk.neocities.org/underland/ritsu.webp]
[honeymilk.neocities.org/underland/ritsusticker.webp]
[honeymilk.neocities.org/underland/darkcandle.gif]
[honeymilk.neocities.org/underland/ghost.gif]
[honeymilk.neocities.org/reihome.html]
[honeymilk.neocities.org/undeadbg.png]
[honeymilk.neocities.org/header6.png]
[honeymilk.neocities.org/images/reimages/wingedheart.gif]
[honeymilk.neocities.org/images/reimages/reiborder.png]
[honeymilk.neocities.org/images/reimages/reirender2.webp]
[honeymilk.neocities.org/images/reimages/reirender.webp]
[honeymilk.neocities.org/images/reimages/reifurby.png]
[honeymilk.neocities.org/images/reimages/batcoffin.gif]
[honeymilk.neocities.org/images/reimages/reiunitchibi.png]
[honeymilk.neocities.org/images/reimages/kaoruchibi.png]
[honeymilk.neocities.org/images/reimages/adonischibi.png]
[honeymilk.neocities.org/images/reimages/kogachibi.png]
[honeymilk.neocities.org/images/reimages/batsdivider.png]
[honeymilk.neocities.org/images/reimages/reicard.webp]
[64.media.tumblr.com/f6096f1b825f37a89f1795fd8d86580c/72c835766d5068df-22/s640x960/tumblr_f6096f1b825f37a89f1795fd8d86580c_1012b01d_640.gif]
[honeymilk.neocities.org/images/reimages/signature.png]
[honeymilk.neocities.org/images/reimages/reirtschibi.webp]
[honeymilk.neocities.org/images/reimages/eccentricrei.png]
[honeymilk.neocities.org/images/reimages/reimilehug.webp]
[honeymilk.neocities.org/images/reimages/reimileponies.webp]
[honeymilk.neocities.org/images/reimages/reimileofficial.webp]
[honeymilk.neocities.org/images/reimages/reicg1.webp]
[honeymilk.neocities.org/images/reimages/reicg2.webp]
[honeymilk.neocities.org/images/reimages/reicg3.webp]
[honeymilk.neocities.org/images/reimages/enstarscountdown.webp]
[honeymilk.neocities.org/images/reimages/reilastperiod.webp]
[honeymilk.neocities.org/images/reimages/reichibi.webp]
[honeymilk.neocities.org/images/reimages/reinnchibi.webp]
[honeymilk.neocities.org/images/reimages/reifs2chibi.webp]
[honeymilk.neocities.org/images/reimages/reiemotion1.gif]
[honeymilk.neocities.org/images/reimages/reiemotion2.gif]
[honeymilk.neocities.org/images/reimages/reigreeting.jpg]
[honeymilk.neocities.org/images/reimages/reiwork.gif]
[honeymilk.neocities.org/images/reimages/nui.png]
[honeymilk.neocities.org/images/reimages/noirneigerei.webp]
[honeymilk.neocities.org/images/reimages/reispp.webp]
[honeymilk.neocities.org/images/reimages/undead.png]
[honeymilk.neocities.org/kaoru.html]
[honeymilk.neocities.org/images/reimages/cross.gif]
[honeymilk.neocities.org/images/reimages/rtsposter.jpg]
[honeymilk.neocities.org/images/reimages/rts1.jpg]
[honeymilk.neocities.org/images/reimages/rts2.jpg]
[honeymilk.neocities.org/images/reimages/rts3.jpg]
[honeymilk.neocities.org/images/reimages/rts4.jpg]
[honeymilk.neocities.org/images/reimages/enstars.webp]
[honeymilk.neocities.org/rei.html]
[honeymilk.neocities.org/lovemail/writing.png]
[honeymilk.neocities.org/lovemail/landing.html]
[honeymilk.neocities.org/lovemail/crossdivider.gif]
[honeymilk.neocities.org/lovemail/questions.html]
[honeymilk.neocities.org/lovemail/anni.html]
[honeymilk.neocities.org/lovemail/playlist.html]
[honeymilk.neocities.org/lovemail/bday23.html]
[honeymilk.neocities.org/lovemail.html]
[honeymilk.neocities.org/lovemail/lamort.html]
[honeymilk.neocities.org/header5.png]
[honeymilk.neocities.org/images/flowerdivider.gif]
[honeymilk.neocities.org/images/reiextracg3.webp]
[honeymilk.neocities.org/images/kaoruextracg3.webp]
[honeymilk.neocities.org/images/reiextracg2.webp]
[honeymilk.neocities.org/images/kaoruextracg2.webp]
[honeymilk.neocities.org/images/reiextracg.webp]
[honeymilk.neocities.org/images/kaoruextracg.webp]
[honeymilk.neocities.org/images/latte.webp]
[honeymilk.neocities.org/images/hamtaro.gif]
[honeymilk.neocities.org/images/loveletter.webp]
[honeymilk.neocities.org/images/kaorulabel.png]
[honeymilk.neocities.org/images/faveslabel.png]
[honeymilk.neocities.org/meepits.html]
[honeymilk.neocities.org/pinkypepper.html]
[honeymilk.neocities.org/images/pinkypepperlabel.png]
[honeymilk.neocities.org/aventurine.html]
[honeymilk.neocities.org/images/avenlabel.png]
[honeymilk.neocities.org/shrines.html]
[honeymilk.neocities.org/header3.png]
[honeymilk.neocities.org/images/ginji.webp]
[honeymilk.neocities.org/images/vhs.webp]
[honeymilk.neocities.org/recs.html]
[honeymilk.neocities.org/log.html]
[honeymilk.neocities.org/library.html]
[honeymilk.neocities.org/watchlog.html]
[honeymilk.neocities.org/header4.png]
[honeymilk.neocities.org/images/clione.webp]
[honeymilk.neocities.org/images/pinkdivider2.gif]
[honeymilk.neocities.org/images/pen.gif]
[honeymilk.neocities.org/images/cinna.gif]
[honeymilk.neocities.org/images/teacup.png]
[honeymilk.neocities.org/images/bloop.gif]
[honeymilk.neocities.org/images/babykau.gif]
[honeymilk.neocities.org/images/negg.gif]
[honeymilk.neocities.org/images/mewstamp.png]
[honeymilk.neocities.org/images/stampremember.gif]
[honeymilk.neocities.org/images/cinnamoroll.gif]
[honeymilk.neocities.org/images/clubpenguindance.gif]
[honeymilk.neocities.org/images/dsstamp.png]
[honeymilk.neocities.org/images/toristamp.png]
[honeymilk.neocities.org/images/toristamp2.png]
[honeymilk.neocities.org/images/kaorustamp.png]
[honeymilk.neocities.org/images/nazunastamp.png]
[honeymilk.neocities.org/images/sorastamp.png]
[honeymilk.neocities.org/images/hajimestamp.png]
[honeymilk.neocities.org/images/gameboy.gif]
[honeymilk.neocities.org/images/angels.gif]
[honeymilk.neocities.org/images/react.webp]
[honeymilk.neocities.org/images/webkinz.gif]
[honeymilk.neocities.org/images/vampirism.gif]
[honeymilk.neocities.org/images/hamster.gif]
[honeymilk.neocities.org/images/magic.gif]
[honeymilk.neocities.org/images/honey.gif]
[honeymilk.neocities.org/images/angel.gif]
[honeymilk.neocities.org/images/happy.gif]
[honeymilk.neocities.org/images/strawb.png]
[honeymilk.neocities.org/images/optimized.webp]
[i.ibb.co/Bc2KW7v/cat.jpg]
[honeymilk.neocities.org/images/nintendog.gif]
[honeymilk.neocities.org/images/owl.png]
[honeymilk.neocities.org/toybox.html]
[honeymilk.neocities.org/header8.png]
[honeymilk.neocities.org/images/reisticker.png]
[honeymilk.neocities.org/images/sweetiepea.png]
[f4.bcbits.com/img/a1358959802_16.jpg]
[honeymilk.neocities.org/miscellany.html]
[honeymilk.neocities.org/header2.png]
[honeymilk.neocities.org/images/cinnamoroll2.png]
[honeymilk.neocities.org/images/cinnamoroll.png]
[honeymilk.neocities.org/images/cinnamoroll3.png]
[honeymilk.neocities.org/images/enstarsemile.png]
[honeymilk.neocities.org/images/rabitsblinkie.webp]
[honeymilk.neocities.org/images/fineblinkie.webp]
[honeymilk.neocities.org/images/undeadblinkie.webp]
[honeymilk.neocities.org/images/nazunasticker.png]
[64.media.tumblr.com/49f86688b39e8a34055026d40c2638af/14f5e41cdddc651e-35/s640x960/tumblr_49f86688b39e8a34055026d40c2638af_c9bed1ee_640.gif]
[honeymilk.neocities.org/quizzes.html]
[honeymilk.neocities.org/memes.html]
[honeymilk.neocities.org/images/reibiting.png]
[honeymilk.neocities.org/images/pokecard.png]
[honeymilk.neocities.org/images/transsexual.jpg]
[honeymilk.neocities.org/images/transmasc.png]
[honeymilk.neocities.org/images/readingtime.jpg]
[honeymilk.neocities.org/images/honeymilkbanner.png]
[honeymilk.neocities.org/images/honeymilkbutton1.png]
[honeymilk.neocities.org/images/honeymilkbutton2.png]
[honeymilk.neocities.org/images/honeymilkbutton3.gif]
[honeymilk.neocities.org/images/enstarsprofile.png]
[honeymilk.neocities.org/images/shayminpixel.gif]
[honeymilk.neocities.org/images/kad.png]
[honeymilk.neocities.org/webmaster.html]
[honeymilk.neocities.org/header7.png]
[honeymilk.neocities.org/images/lovelitchi.png]
[honeymilk.neocities.org/images/sadgrlonline.gif]
[honeymilk.neocities.org/images/cinni.gif]
[honeymilk.neocities.org/images/cyberneticdryad.gif]
[honeymilk.neocities.org/images/kawaiisozai.gif]
[honeymilk.neocities.org/images/across.gif]
[honeymilk.neocities.org/images/nyaabanner.gif]
[honeymilk.neocities.org/images/hamstercage.gif]
[honeymilk.neocities.org/images/cloudpaw.png]
[honeymilk.neocities.org/images/hunipyon.gif]
[honeymilk.neocities.org/images/slumberingweald.gif]
[honeymilk.neocities.org/images/whimsical.gif]
[honeymilk.neocities.org/images/appledust.gif]
[honeymilk.neocities.org/images/novemberry.gif]
[honeymilk.neocities.org/images/vonfriedhof.png]
[honeymilk.neocities.org/links.html]
[honeymilk.neocities.org/header9.png]
[honeymilk.neocities.org/images/wata.webp]
[honeymilk.neocities.org/credits.html]
[honeymilk.neocities.org/RollingLove.ttf]
[honeymilk.neocities.org/kaorubg.jpg]
[honeymilk.neocities.org/images/kaoimages/kaoruborder.gif]
[honeymilk.neocities.org/images/kaoimages/heartbullets.gif]
[honeymilk.neocities.org/images/kaoimages/kaorurender2.webp]
[honeymilk.neocities.org/images/kaoimages/kaorurender.webp]
[honeymilk.neocities.org/images/kaoimages/clouds.gif]
[honeymilk.neocities.org/images/kaoimages/feathers.gif]
[honeymilk.neocities.org/images/kaoimages/bowrosesdivider.gif]
[honeymilk.neocities.org/images/kaoimages/kaorucard.webp]
[honeymilk.neocities.org/images/kaoimages/kaorusignature.webp]
[honeymilk.neocities.org/images/kaoimages/kaorucg1.webp]
[honeymilk.neocities.org/images/kaoimages/kaorucg2.webp]
[honeymilk.neocities.org/images/kaoimages/kaorucg3.webp]
[64.media.tumblr.com/c70c35e3598d5317c037636a6f80a4e6/ab4dc7f6831f8fd4-55/s640x960/tumblr_c70c35e3598d5317c037636a6f80a4e6_d19a517e_640.gif]
[honeymilk.neocities.org/images/kaoimages/kaorufox.jpg]
[honeymilk.neocities.org/images/kaoimages/kaoruchibi.webp]
[honeymilk.neocities.org/images/kaoimages/phantomthiefkaoru.webp]
[honeymilk.neocities.org/images/kaoimages/kaoruwd.webp]
[honeymilk.neocities.org/kaoru.html]
[honeymilk.neocities.org/lovemail/landing.html]
[honeymilk.neocities.org/lovemail/reiwwys.png]
[honeymilk.neocities.org/lovemail/questions.html]
[honeymilk.neocities.org/lovemail/anni.html]
[honeymilk.neocities.org/lovemail/playlist.html]
[honeymilk.neocities.org/lovemail/bday23.html]
[honeymilk.neocities.org/images/lamort.jpg]
[honeymilk.neocities.org/lovemail/lamort.html]
[honeymilk.neocities.org/faves]
[honeymilk.neocities.org/meepitscursor.png]
[honeymilk.neocities.org/meepitbg.webp]
[honeymilk.neocities.org/images/meepit.gif]
[honeymilk.neocities.org/images/meepitswarm.gif]
[honeymilk.neocities.org/images/meepititems.png]
[honeymilk.neocities.org/images/meepitjuice.webp]
[honeymilk.neocities.org/images/meepitfeepit.webp]
[honeymilk.neocities.org/images/meepitav.gif]
[honeymilk.neocities.org/images/meepitfeepitav.gif]
[honeymilk.neocities.org/images/meepitcolors.png]
[honeymilk.neocities.org/images/meepit.jpg]
[honeymilk.neocities.org/images/greepit.jpg]
[honeymilk.neocities.org/images/royalmeepit.webp]
[honeymilk.neocities.org/images/discomeepit.png]
[honeymilk.neocities.org/meepits.html]
[honeymilk.neocities.org/pinkypepperbg.gif]
[honeymilk.neocities.org/images/meepitslabel.png]
[honeymilk.neocities.org/images/fire.gif]
[honeymilk.neocities.org/images/pinkycover.jpg]
[honeymilk.neocities.org/images/pinkyintro.jpg]
[honeymilk.neocities.org/images/pinkyintro2.jpg]
[honeymilk.neocities.org/images/pinkydolls.webp]
[honeymilk.neocities.org/images/pinkypage.webp]
[honeymilk.neocities.org/images/pinkypray.webp]
[honeymilk.neocities.org/images/pinkyphysical.webp]
[honeymilk.neocities.org/pinkypepper.html]
[honeymilk.neocities.org/suitsbg.png]
[honeymilk.neocities.org/images/avenbox.png]
[honeymilk.neocities.org/images/avenimages/divider.png]
[honeymilk.neocities.org/images/avenimages/aventurine.jpg]
[honeymilk.neocities.org/images/avenimages/unjust.webp]
[honeymilk.neocities.org/images/avenimages/finalvictor.webp]
[honeymilk.neocities.org/images/avenimages/trend.webp]
[honeymilk.neocities.org/images/avenimages/destiny.webp]
[honeymilk.neocities.org/images/avenimages/cottoncandy.png]
[honeymilk.neocities.org/images/avenimages/cards.webp]
[honeymilk.neocities.org/images/avenimages/cool.webp]
[honeymilk.neocities.org/images/avenimages/cheers.webp]
[honeymilk.neocities.org/images/avenimages/cash.webp]
[honeymilk.neocities.org/images/avenimages/kakavasha.webp]
[honeymilk.neocities.org/images/avenimages/tiny.webp]
[honeymilk.neocities.org/images/avenimages/decor.webp]
[honeymilk.neocities.org/images/avenimages/dreampass1.webp]
[honeymilk.neocities.org/images/avenimages/dreampass2.webp]
[honeymilk.neocities.org/images/avenimages/avenpajamas.webp]
[honeymilk.neocities.org/aventurine.html]
[honeymilk.neocities.org/recs.html]
[honeymilk.neocities.org/log.html]
[honeymilk.neocities.org/watchlog.html]
[honeymilk.neocities.org/images/quiz1.png]
[honeymilk.neocities.org/images/quiz2.png]
[honeymilk.neocities.org/images/quiz3.png]
[honeymilk.neocities.org/images/quiz4.png]
[honeymilk.neocities.org/images/quiz5.png]
[honeymilk.neocities.org/images/quiz6.png]
[honeymilk.neocities.org/images/quiz7.png]
[www.dragonflycave.com/wpay/togetic.gif]
[www.dragonflycave.com/typequiz/flying.png]
[www.theotaku.com/guru_results/393_Ichigo.jpg]
[www.theotaku.com/guru_results/4103_Ruby.jpg]
[www.theotaku.com/guru_results/4097_Dandere.jpg]
[honeymilk.neocities.org/images/parmesan03.gif]
[honeymilk.neocities.org/quizzes.html]
[honeymilk.neocities.org/images/memes/burger moodboard.png]
[honeymilk.neocities.org/images/memes/es war.png]
[honeymilk.neocities.org/images/memes/valkyrie meme.png]
[honeymilk.neocities.org/images/memes/good morning rei.png]
[honeymilk.neocities.org/images/memes/torture labyrinth.png]
[honeymilk.neocities.org/images/memes/sugar sweet boy.png]
[honeymilk.neocities.org/images/memes/reihusband.png]
[honeymilk.neocities.org/images/memes/bands meme.png]
[honeymilk.neocities.org/images/memes/chesecak.png]
[honeymilk.neocities.org/images/memes/ceiling fan.png]
[honeymilk.neocities.org/images/memes/the water.png]
[honeymilk.neocities.org/images/memes/more ritsu meme.png]
[honeymilk.neocities.org/images/memes/eichi christ.png]
[honeymilk.neocities.org/images/memes/cain instinct.png]
[honeymilk.neocities.org/memes.html]
[honeymilk.neocities.org/lovemail/favicon.html]
[honeymilk.neocities.org/favesbg.gif]
[honeymilk.neocities.org/images/kaoimages/kaorucnstars.webp]
[honeymilk.neocities.org/images/ayacg2.webp]
[honeymilk.neocities.org/images/ritsucg2.webp]
[honeymilk.neocities.org/images/soracg2.webp]
[honeymilk.neocities.org/images/hajimecg2.webp]
[honeymilk.neocities.org/images/toricg2.webp]
[honeymilk.neocities.org/images/ayacg.webp]
[honeymilk.neocities.org/images/ritsucg.webp]
[honeymilk.neocities.org/images/soracg.webp]
[honeymilk.neocities.org/images/hajimecg.webp]
[honeymilk.neocities.org/images/nazunacg.webp]
[honeymilk.neocities.org/images/pinkdivider.gif]
[honeymilk.neocities.org/images/tori.png]
[honeymilk.neocities.org/images/torisignature.webp]
[honeymilk.neocities.org/images/toricard.webp]
[honeymilk.neocities.org/images/fine.png]
[honeymilk.neocities.org/images/nazuna.png]
[honeymilk.neocities.org/images/nazunasignature.webp]
[honeymilk.neocities.org/images/nazunabunny.jpg]
[honeymilk.neocities.org/images/nazunadialogue.jpg]
[honeymilk.neocities.org/images/nazunacard.webp]
[honeymilk.neocities.org/images/rabits.png]
[honeymilk.neocities.org/images/ritsu.png]
[honeymilk.neocities.org/images/ritsusignature.webp]
[honeymilk.neocities.org/images/ritsucard.webp]
[honeymilk.neocities.org/images/sora.png]
[honeymilk.neocities.org/images/sorasignature.webp]
[honeymilk.neocities.org/images/soracard.webp]
[honeymilk.neocities.org/images/aya.png]
[honeymilk.neocities.org/images/ayasignature.png]
[honeymilk.neocities.org/images/ayacard.webp]
[honeymilk.neocities.org/faves]
